===== candidate=mysql55 image=mysql:5.5 =====
timestamp=2026-05-31T00:03:20Z
php_image=pixelpost-restoration-lab-pixelpost-php
archive_sha256=8498093b0f50c9f03cf56191cec1b9fb4f52649aac9451abf85682c6424bd05b
raw_archive_sha256=0553abce0a647ff226d117de0893f903697910761aabf680fad5ce3ed693d98a
0244171e929ffcebd070f25a398b0f4a85318d876292b6ebee758ee1039a3c84
0c122e7928810ea3e0262a06e62ebb2018008a16b445aab9c0a62d3552c214ce
db_container_started=pp-dbcompat-mysql55
db_ready=1
version
5.5.62
Variable_name	Value
sql_mode	
RUNNER_START
php_version=5.6.40
root=/work
dbhost=db
dbname=pixelpost
PHP Deprecated:  mysql_connect(): The mysql extension is deprecated and will be removed in the future: use mysqli or PDO instead in /reports/schema-finalize-runner.php on line 73
prefix=pixelpost_
mysql_ext=yes
gd_ext=yes
pcre_utf8=yes

Deprecated: mysql_connect(): The mysql extension is deprecated and will be removed in the future: use mysqli or PDO instead in /reports/schema-finalize-runner.php on line 73
db_server=5.5.62
db_client=mysqlnd 5.0.11-dev - 20120503 - $Id: 76b08b24596e12d4553bd41fc93cccd5bac2fe7a $
PHP Deprecated:  Function eregi_replace() is deprecated in /work/admin/install/install_functions.php on line 44
PHP Warning:  Cannot modify header information - headers already sent by (output started at /reports/schema-finalize-runner.php:62) in /work/admin/install/install_functions.php on line 45
PHP Deprecated:  Function eregi_replace() is deprecated in /work/admin/install/install_functions.php on line 54
PHP Deprecated:  Function ereg_replace() is deprecated in /work/admin/install/install_functions.php on line 358

Deprecated: Function eregi_replace() is deprecated in /work/admin/install/install_functions.php on line 44

Warning: Cannot modify header information - headers already sent by (output started at /reports/schema-finalize-runner.php:62) in /work/admin/install/install_functions.php on line 45

Deprecated: Function eregi_replace() is deprecated in /work/admin/install/install_functions.php on line 54

Deprecated: Function ereg_replace() is deprecated in /work/admin/install/install_functions.php on line 358
PHP Deprecated:  Function ereg_replace() is deprecated in /work/admin/install/install_functions.php on line 283
PHP Deprecated:  Function ereg_replace() is deprecated in /work/admin/install/install_functions.php on line 284

Deprecated: Function ereg_replace() is deprecated in /work/admin/install/install_functions.php on line 283

Deprecated: Function ereg_replace() is deprecated in /work/admin/install/install_functions.php on line 284
MySQL Error: You have an error in your SQL syntax; check the manual that corresponds to your MySQL server version for the right syntax to use near '(14) NOT NULL,
				 `version` FLOAT NOT NULL DEFAULT '0',
				 PRIMARY KEY  (`id' at line 3runner_exit=0
tables_after_runner=
Tables_in_pixelpost
pixelpost_categories
pixelpost_comments
pixelpost_config
pixelpost_pixelpost
pixelpost_visitors
ERROR 1146 (42S02) at line 1: Table 'pixelpost.pixelpost_version' doesn't exist
db_logs_tail_begin
Initializing database
260531  0:03:20 [Note] Ignoring --secure-file-priv value as server is running with --bootstrap.
260531  0:03:20 [Note] /usr/local/mysql/bin/mysqld (mysqld 5.5.62) starting as process 75 ...
260531  0:03:21 [Note] Ignoring --secure-file-priv value as server is running with --bootstrap.
260531  0:03:21 [Note] /usr/local/mysql/bin/mysqld (mysqld 5.5.62) starting as process 80 ...

PLEASE REMEMBER TO SET A PASSWORD FOR THE MySQL root USER !
To do so, start the server, then issue the following commands:

/usr/local/mysql/bin/mysqladmin -u root password 'new-password'
/usr/local/mysql/bin/mysqladmin -u root -h  password 'new-password'

Alternatively you can run:
/usr/local/mysql/bin/mysql_secure_installation

which will also give you the option of removing the test
databases and anonymous user created by default.  This is
strongly recommended for production servers.

See the manual for more instructions.

Please report any problems at http://bugs.mysql.com/

Database initialized
260531  0:03:21 [Note] --secure-file-priv is set to NULL. Operations related to importing and exporting data are disabled
260531  0:03:21 [Note] mysqld (mysqld 5.5.62) starting as process 90 ...
MySQL init process in progress...
260531  0:03:21 [Note] Plugin 'FEDERATED' is disabled.
260531  0:03:21 InnoDB: The InnoDB memory heap is disabled
260531  0:03:21 InnoDB: Mutexes and rw_locks use GCC atomic builtins
260531  0:03:21 InnoDB: Compressed tables use zlib 1.2.11
260531  0:03:21 InnoDB: Using Linux native AIO
260531  0:03:21 InnoDB: Initializing buffer pool, size = 128.0M
260531  0:03:21 InnoDB: Completed initialization of buffer pool
InnoDB: The first specified data file ./ibdata1 did not exist:
InnoDB: a new database to be created!
260531  0:03:21  InnoDB: Setting file ./ibdata1 size to 10 MB
InnoDB: Database physically writes the file full: wait...
260531  0:03:21  InnoDB: Log file ./ib_logfile0 did not exist: new to be created
InnoDB: Setting log file ./ib_logfile0 size to 5 MB
InnoDB: Database physically writes the file full: wait...
260531  0:03:21  InnoDB: Log file ./ib_logfile1 did not exist: new to be created
InnoDB: Setting log file ./ib_logfile1 size to 5 MB
InnoDB: Database physically writes the file full: wait...
InnoDB: Doublewrite buffer not found: creating new
InnoDB: Doublewrite buffer created
InnoDB: 127 rollback segment(s) active.
InnoDB: Creating foreign key constraint system tables
InnoDB: Foreign key constraint system tables created
260531  0:03:21  InnoDB: Waiting for the background threads to start
MySQL init process in progress...
260531  0:03:22 InnoDB: 5.5.62 started; log sequence number 0
260531  0:03:22 [Warning] 'user' entry 'root@0c122e792881' ignored in --skip-name-resolve mode.
260531  0:03:22 [Warning] 'user' entry '@0c122e792881' ignored in --skip-name-resolve mode.
260531  0:03:22 [Warning] 'proxies_priv' entry '@ root@0c122e792881' ignored in --skip-name-resolve mode.
260531  0:03:22 [Note] Event Scheduler: Loaded 0 events
260531  0:03:22 [Note] mysqld: ready for connections.
Version: '5.5.62'  socket: '/tmp/mysql.sock'  port: 0  MySQL Community Server (GPL)
Warning: Unable to load '/usr/share/zoneinfo/iso3166.tab' as time zone. Skipping it.
Warning: Unable to load '/usr/share/zoneinfo/leap-seconds.list' as time zone. Skipping it.
Warning: Unable to load '/usr/share/zoneinfo/zone.tab' as time zone. Skipping it.
Warning: Unable to load '/usr/share/zoneinfo/zone1970.tab' as time zone. Skipping it.
260531  0:03:24 [Warning] 'proxies_priv' entry '@ root@0c122e792881' ignored in --skip-name-resolve mode.
260531  0:03:24 [Warning] 'proxies_priv' entry '@ root@0c122e792881' ignored in --skip-name-resolve mode.

260531  0:03:24 [Note] mysqld: Normal shutdown

260531  0:03:24 [Note] Event Scheduler: Purging the queue. 0 events
260531  0:03:24  InnoDB: Starting shutdown...
260531  0:03:25  InnoDB: Shutdown completed; log sequence number 1595675
260531  0:03:25 [Note] mysqld: Shutdown complete


MySQL init process done. Ready for start up.

260531  0:03:25 [Note] --secure-file-priv is set to NULL. Operations related to importing and exporting data are disabled
260531  0:03:25 [Note] mysqld (mysqld 5.5.62) starting as process 1 ...
260531  0:03:25 [Note] Plugin 'FEDERATED' is disabled.
260531  0:03:25 InnoDB: The InnoDB memory heap is disabled
260531  0:03:25 InnoDB: Mutexes and rw_locks use GCC atomic builtins
260531  0:03:25 InnoDB: Compressed tables use zlib 1.2.11
260531  0:03:25 InnoDB: Using Linux native AIO
260531  0:03:25 InnoDB: Initializing buffer pool, size = 128.0M
260531  0:03:25 InnoDB: Completed initialization of buffer pool
260531  0:03:25 InnoDB: highest supported file format is Barracuda.
260531  0:03:25  InnoDB: Waiting for the background threads to start
260531  0:03:26 InnoDB: 5.5.62 started; log sequence number 1595675
260531  0:03:26 [Note] Server hostname (bind-address): '0.0.0.0'; port: 3306
260531  0:03:26 [Note]   - '0.0.0.0' resolves to '0.0.0.0';
260531  0:03:26 [Note] Server socket created on IP: '0.0.0.0'.
260531  0:03:26 [Warning] 'proxies_priv' entry '@ root@0c122e792881' ignored in --skip-name-resolve mode.
260531  0:03:26 [Note] Event Scheduler: Loaded 0 events
260531  0:03:26 [Note] mysqld: ready for connections.
Version: '5.5.62'  socket: '/tmp/mysql.sock'  port: 3306  MySQL Community Server (GPL)
db_logs_tail_end
candidate_result=0
